Archive member included to satisfy reference by file (symbol)

C:\Users\User\Downloads\gcc-arm-none-eabi-10.3-2021.10-win32\gcc-arm-none-eabi-10.3-2021.10\lib\gcc\arm-none-eabi\10.3.1\thumb\v6-m\nofp\libgcc.a(_divsi3.o)
                              main.o (__aeabi_idiv)
C:\Users\User\Downloads\gcc-arm-none-eabi-10.3-2021.10-win32\gcc-arm-none-eabi-10.3-2021.10\lib\gcc\arm-none-eabi\10.3.1\thumb\v6-m\nofp\libgcc.a(_dvmd_tls.o)
                              C:\Users\User\Downloads\gcc-arm-none-eabi-10.3-2021.10-win32\gcc-arm-none-eabi-10.3-2021.10\lib\gcc\arm-none-eabi\10.3.1\thumb\v6-m\nofp\libgcc.a(_divsi3.o) (__aeabi_idiv0)

Memory Configuration

Name             Origin             Length             Attributes
flash            0x00000000         0x00008000
ram              0x10000000         0x00002000
*default*        0x00000000         0xffffffff

Linker script and memory map

LOAD init.o
LOAD main.o
LOAD serial.o
LOAD C:\Users\User\Downloads\gcc-arm-none-eabi-10.3-2021.10-win32\gcc-arm-none-eabi-10.3-2021.10\arm-none-eabi\lib\thumb\v6-m\nofp\libnosys.a
LOAD C:\Users\User\Downloads\gcc-arm-none-eabi-10.3-2021.10-win32\gcc-arm-none-eabi-10.3-2021.10\lib\gcc\arm-none-eabi\10.3.1\thumb\v6-m\nofp\libgcc.a
                0x00000000                . = ORIGIN (flash)

.text           0x00000000      0xfe4
 *(.vectors)
 .vectors       0x00000000       0xc0 init.o
                0x00000000                Vectors
 *(.text)
 .text          0x000000c0       0xd4 init.o
                0x000000c0                clock_init
                0x00000114                init
                0x0000018c                Default_Handler
 .text          0x00000194      0x8f4 main.o
                0x00000194                InitTimer
                0x0000028c                Reload_SCTIMER
                0x000002d8                STC_IRQ_Handler
                0x000004c0                wait_1ms
                0x00000500                waitms
                0x00000522                GetPeriod
                0x00000618                ConfigPins
                0x000006bc                ADC_Calibration
                0x000006f4                InitADC
                0x00000764                ReadADC
                0x000007dc                main
 .text          0x00000a88      0x384 serial.o
                0x00000a88                initUART
                0x00000b78                UART0_isr
                0x00000bb0                putBuf
                0x00000bf8                getBuf
                0x00000c48                rx_count
                0x00000c5c                eputc
                0x00000ca0                eputs
                0x00000ccc                egetc
                0x00000ce4                egets
                0x00000d5c                printString
                0x00000d80                PrintNumber
 .text          0x00000e0c      0x1d4 C:\Users\User\Downloads\gcc-arm-none-eabi-10.3-2021.10-win32\gcc-arm-none-eabi-10.3-2021.10\lib\gcc\arm-none-eabi\10.3.1\thumb\v6-m\nofp\libgcc.a(_divsi3.o)
                0x00000e0c                __divsi3
                0x00000e0c                __aeabi_idiv
                0x00000fd8                __aeabi_idivmod
 .text          0x00000fe0        0x4 C:\Users\User\Downloads\gcc-arm-none-eabi-10.3-2021.10-win32\gcc-arm-none-eabi-10.3-2021.10\lib\gcc\arm-none-eabi\10.3.1\thumb\v6-m\nofp\libgcc.a(_dvmd_tls.o)
                0x00000fe0                __aeabi_idiv0
                0x00000fe0                __aeabi_ldiv0

.glue_7         0x00000fe4        0x0
 .glue_7        0x00000fe4        0x0 linker stubs

.glue_7t        0x00000fe4        0x0
 .glue_7t       0x00000fe4        0x0 linker stubs

.vfp11_veneer   0x00000fe4        0x0
 .vfp11_veneer  0x00000fe4        0x0 linker stubs

.v4_bx          0x00000fe4        0x0
 .v4_bx         0x00000fe4        0x0 linker stubs

.iplt           0x00000fe4        0x0
 .iplt          0x00000fe4        0x0 init.o

.rel.dyn        0x00000fe4        0x0
 .rel.iplt      0x00000fe4        0x0 init.o

.rodata         0x00000fe4      0x263
 .rodata        0x00000fe4      0x25f main.o
 *fill*         0x00001243        0x1 
 .rodata        0x00001244        0x3 serial.o
                0x10000000                . = ORIGIN (ram)

.data           0x10000000       0x19 load address 0x00001247
                0x00001247                INIT_DATA_VALUES = LOADADDR (.data)
                0x10000000                INIT_DATA_START = .
 *(.data)
 .data          0x10000000        0x0 init.o
 .data          0x10000000        0x8 main.o
                0x10000000                ISR_pwm1
                0x10000004                ISR_pwm2
 .data          0x10000008       0x11 serial.o
                0x10000008                HexDigit
 .data          0x10000019        0x0 C:\Users\User\Downloads\gcc-arm-none-eabi-10.3-2021.10-win32\gcc-arm-none-eabi-10.3-2021.10\lib\gcc\arm-none-eabi\10.3.1\thumb\v6-m\nofp\libgcc.a(_divsi3.o)
 .data          0x10000019        0x0 C:\Users\User\Downloads\gcc-arm-none-eabi-10.3-2021.10-win32\gcc-arm-none-eabi-10.3-2021.10\lib\gcc\arm-none-eabi\10.3.1\thumb\v6-m\nofp\libgcc.a(_dvmd_tls.o)
                0x10000019                INIT_DATA_END = .
                0x10000019                BSS_START = .

.igot.plt       0x1000001c        0x0 load address 0x00001260
 .igot.plt      0x1000001c        0x0 init.o

.bss            0x1000001c       0x34 load address 0x00001260
 *(.bss)
 .bss           0x1000001c        0x0 init.o
 .bss           0x1000001c       0x18 main.o
                0x1000001c                ISR_cnt
                0x10000020                ISR_cnt2
                0x10000024                ISR_cnt3
                0x10000028                EMAG_cnt
                0x1000002c                SERVO_ON
                0x10000030                count
 .bss           0x10000034       0x1c serial.o
 .bss           0x10000050        0x0 C:\Users\User\Downloads\gcc-arm-none-eabi-10.3-2021.10-win32\gcc-arm-none-eabi-10.3-2021.10\lib\gcc\arm-none-eabi\10.3.1\thumb\v6-m\nofp\libgcc.a(_divsi3.o)
 .bss           0x10000050        0x0 C:\Users\User\Downloads\gcc-arm-none-eabi-10.3-2021.10-win32\gcc-arm-none-eabi-10.3-2021.10\lib\gcc\arm-none-eabi\10.3.1\thumb\v6-m\nofp\libgcc.a(_dvmd_tls.o)
                0x10000050                BSS_END = .
OUTPUT(main.elf elf32-littlearm)
LOAD linker stubs

.debug_info     0x00000000      0x6d5
 .debug_info    0x00000000      0x107 init.o
 .debug_info    0x00000107      0x2bb main.o
 .debug_info    0x000003c2      0x313 serial.o

.debug_abbrev   0x00000000      0x3fa
 .debug_abbrev  0x00000000       0xd5 init.o
 .debug_abbrev  0x000000d5      0x188 main.o
 .debug_abbrev  0x0000025d      0x19d serial.o

.debug_aranges  0x00000000       0x60
 .debug_aranges
                0x00000000       0x20 init.o
 .debug_aranges
                0x00000020       0x20 main.o
 .debug_aranges
                0x00000040       0x20 serial.o

.debug_line     0x00000000      0x692
 .debug_line    0x00000000       0xac init.o
 .debug_line    0x000000ac      0x421 main.o
 .debug_line    0x000004cd      0x1c5 serial.o

.debug_str      0x00000000      0x2e1
 .debug_str     0x00000000      0x107 init.o
                                0x119 (size before relaxing)
 .debug_str     0x00000107      0x119 main.o
                                0x1c8 (size before relaxing)
 .debug_str     0x00000220       0xc1 serial.o
                                0x180 (size before relaxing)

.comment        0x00000000       0x49
 .comment       0x00000000       0x49 init.o
                                 0x4a (size before relaxing)
 .comment       0x00000049       0x4a main.o
 .comment       0x00000049       0x4a serial.o

.ARM.attributes
                0x00000000       0x2c
 .ARM.attributes
                0x00000000       0x2c init.o
 .ARM.attributes
                0x0000002c       0x2c main.o
 .ARM.attributes
                0x00000058       0x2c serial.o
 .ARM.attributes
                0x00000084       0x1e C:\Users\User\Downloads\gcc-arm-none-eabi-10.3-2021.10-win32\gcc-arm-none-eabi-10.3-2021.10\lib\gcc\arm-none-eabi\10.3.1\thumb\v6-m\nofp\libgcc.a(_divsi3.o)
 .ARM.attributes
                0x000000a2       0x1e C:\Users\User\Downloads\gcc-arm-none-eabi-10.3-2021.10-win32\gcc-arm-none-eabi-10.3-2021.10\lib\gcc\arm-none-eabi\10.3.1\thumb\v6-m\nofp\libgcc.a(_dvmd_tls.o)

.debug_frame    0x00000000      0x350
 .debug_frame   0x00000000       0x68 init.o
 .debug_frame   0x00000068      0x15c main.o
 .debug_frame   0x000001c4      0x16c serial.o
 .debug_frame   0x00000330       0x20 C:\Users\User\Downloads\gcc-arm-none-eabi-10.3-2021.10-win32\gcc-arm-none-eabi-10.3-2021.10\lib\gcc\arm-none-eabi\10.3.1\thumb\v6-m\nofp\libgcc.a(_divsi3.o)

Cross Reference Table

Symbol                                            File
ADC_Calibration                                   main.o
BSS_END                                           init.o
BSS_START                                         init.o
ConfigPins                                        main.o
Default_Handler                                   init.o
EMAG_cnt                                          main.o
GetPeriod                                         main.o
HexDigit                                          serial.o
INIT_DATA_END                                     init.o
INIT_DATA_START                                   init.o
INIT_DATA_VALUES                                  init.o
ISR_cnt                                           main.o
ISR_cnt2                                          main.o
ISR_cnt3                                          main.o
ISR_pwm1                                          main.o
ISR_pwm2                                          main.o
InitADC                                           main.o
InitTimer                                         main.o
PrintNumber                                       serial.o
                                                  main.o
ReadADC                                           main.o
Reload_SCTIMER                                    main.o
SERVO_ON                                          main.o
STC_IRQ_Handler                                   main.o
                                                  init.o
UART0_isr                                         serial.o
                                                  init.o
Vectors                                           init.o
__aeabi_idiv                                      C:\Users\User\Downloads\gcc-arm-none-eabi-10.3-2021.10-win32\gcc-arm-none-eabi-10.3-2021.10\lib\gcc\arm-none-eabi\10.3.1\thumb\v6-m\nofp\libgcc.a(_divsi3.o)
                                                  serial.o
                                                  main.o
__aeabi_idiv0                                     C:\Users\User\Downloads\gcc-arm-none-eabi-10.3-2021.10-win32\gcc-arm-none-eabi-10.3-2021.10\lib\gcc\arm-none-eabi\10.3.1\thumb\v6-m\nofp\libgcc.a(_dvmd_tls.o)
                                                  C:\Users\User\Downloads\gcc-arm-none-eabi-10.3-2021.10-win32\gcc-arm-none-eabi-10.3-2021.10\lib\gcc\arm-none-eabi\10.3.1\thumb\v6-m\nofp\libgcc.a(_divsi3.o)
__aeabi_idivmod                                   C:\Users\User\Downloads\gcc-arm-none-eabi-10.3-2021.10-win32\gcc-arm-none-eabi-10.3-2021.10\lib\gcc\arm-none-eabi\10.3.1\thumb\v6-m\nofp\libgcc.a(_divsi3.o)
                                                  serial.o
                                                  main.o
__aeabi_ldiv0                                     C:\Users\User\Downloads\gcc-arm-none-eabi-10.3-2021.10-win32\gcc-arm-none-eabi-10.3-2021.10\lib\gcc\arm-none-eabi\10.3.1\thumb\v6-m\nofp\libgcc.a(_dvmd_tls.o)
__divsi3                                          C:\Users\User\Downloads\gcc-arm-none-eabi-10.3-2021.10-win32\gcc-arm-none-eabi-10.3-2021.10\lib\gcc\arm-none-eabi\10.3.1\thumb\v6-m\nofp\libgcc.a(_divsi3.o)
clock_init                                        init.o
count                                             main.o
egetc                                             serial.o
egets                                             serial.o
eputc                                             serial.o
                                                  main.o
eputs                                             serial.o
                                                  main.o
getBuf                                            serial.o
init                                              init.o
initUART                                          serial.o
                                                  main.o
main                                              main.o
                                                  init.o
printString                                       serial.o
putBuf                                            serial.o
rx_count                                          serial.o
wait_1ms                                          main.o
waitms                                            main.o
